[    0.000000] Linux version 6.6.63-lab (lab@df11bc3ad1f9) (gcc (Debian 12.2.0-14) 12.2.0, GNU ld (GNU Binutils for Debian) 2.40) #1 SMP PREEMPT_DYNAMIC Mon Nov 25 19:50:15 CST 2024
[    0.000000] Command line: BOOT_IMAGE=/boot/vmlinuz-6.6.63-lab root=PARTUUID=17c572df-cbb7-4676-95b1-e41d75c91c05 ro console=tty0 console=ttyS0,115200 earlyprintk=ttyS0,115200 consoleblank=0
[    0.000000] BIOS-provided physical RAM map:
[    0.000000] BIOS-e820: [mem 0x0000000000000000-0x000000000009fbff] usable
[    0.000000] BIOS-e820: [mem 0x000000000009fc00-0x000000000009ffff] reserved
[    0.000000] BIOS-e820: [mem 0x00000000000f0000-0x00000000000fffff] reserved
[    0.000000] BIOS-e820: [mem 0x0000000000100000-0x000000003ffdcfff] usable
[    0.000000] BIOS-e820: [mem 0x000000003ffdd000-0x000000003fffffff] reserved
[    0.000000] BIOS-e820: [mem 0x00000000feffc000-0x00000000feffffff] reserved
[    0.000000] BIOS-e820: [mem 0x00000000fffc0000-0x00000000ffffffff] reserved
[    0.000000] printk: bootconsole [earlyser0] enabled
[    0.000000] NX (Execute Disable) protection: active
[    0.000000] APIC: Static calls initialized
[    0.000000] SMBIOS 3.0.0 present.
[    0.000000] DMI: QEMU Ubuntu 24.04 PC (i440FX + PIIX, 1996), BIOS 1.16.3-debian-1.16.3-2 04/01/2014
[    0.000000] Hypervisor detected: KVM
[    0.000000] kvm-clock: Using msrs 4b564d01 and 4b564d00
[    0.000000] kvm-clock: using sched offset of 359783361 cycles
[    0.000267] clocksource: kvm-clock: mask: 0xffffffffffffffff max_cycles: 0x1cd42e4dffb, max_idle_ns: 881590591483 ns
[    0.001103] tsc: Detected 2419.200 MHz processor
[    0.001702] e820: update [mem 0x00000000-0x00000fff] usable ==> reserved
[    0.001704] e820: remove [mem 0x000a0000-0x000fffff] usable
[    0.001706] last_pfn = 0x3ffdd max_arch_pfn = 0x400000000
[    0.001999] MTRR map: 4 entries (3 fixed + 1 variable; max 19), built from 8 variable MTRRs
[    0.002429] x86/PAT: Configuration [0-7]: WB  WC  UC- UC  WB  WP  UC- WT  
[    0.004731] found SMP MP-table at [mem 0x000f5470-0x000f547f]
[    0.005034] Using GB pages for direct mapping
[    0.005272] RAMDISK: [mem 0x3738f000-0x379befff]
[    0.005509] ACPI: Early table checksum verification disabled
[    0.005825] ACPI: RSDP 0x00000000000F5290 000014 (v00 BOCHS )
[    0.006136] ACPI: RSDT 0x000000003FFE1C4C 000034 (v01 BOCHS  BXPC     00000001 BXPC 00000001)
[    0.006598] ACPI: FACP 0x000000003FFE1B00 000074 (v01 BOCHS  BXPC     00000001 BXPC 00000001)
[    0.007068] ACPI: DSDT 0x000000003FFE0040 001AC0 (v01 BOCHS  BXPC     00000001 BXPC 00000001)
[    0.007532] ACPI: FACS 0x000000003FFE0000 000040
[    0.007787] ACPI: APIC 0x000000003FFE1B74 000078 (v03 BOCHS  BXPC     00000001 BXPC 00000001)
[    0.008260] ACPI: HPET 0x000000003FFE1BEC 000038 (v01 BOCHS  BXPC     00000001 BXPC 00000001)
[    0.008729] ACPI: WAET 0x000000003FFE1C24 000028 (v01 BOCHS  BXPC     00000001 BXPC 00000001)
[    0.009195] ACPI: Reserving FACP table memory at [mem 0x3ffe1b00-0x3ffe1b73]
[    0.009577] ACPI: Reserving DSDT table memory at [mem 0x3ffe0040-0x3ffe1aff]
[    0.009960] ACPI: Reserving FACS table memory at [mem 0x3ffe0000-0x3ffe003f]
[    0.010344] ACPI: Reserving APIC table memory at [mem 0x3ffe1b74-0x3ffe1beb]
[    0.010724] ACPI: Reserving HPET table memory at [mem 0x3ffe1bec-0x3ffe1c23]
[    0.011104] ACPI: Reserving WAET table memory at [mem 0x3ffe1c24-0x3ffe1c4b]
[    0.011574] No NUMA configuration found
[    0.011779] Faking a node at [mem 0x0000000000000000-0x000000003ffdcfff]
[    0.012122] NODE_DATA(0) allocated [mem 0x3ffd9000-0x3ffdcfff]
[    0.012426] Zone ranges:
[    0.012556]   DMA      [mem 0x0000000000001000-0x0000000000ffffff]
[    0.012882]   DMA32    [mem 0x0000000001000000-0x000000003ffdcfff]
[    0.013198]   Normal   empty
[    0.013346] Movable zone start for each node
[    0.013565] Early memory node ranges
[    0.013758]   node   0: [mem 0x0000000000001000-0x000000000009efff]
[    0.014104]   node   0: [mem 0x0000000000100000-0x000000003ffdcfff]
[    0.014428] Initmem setup node 0 [mem 0x0000000000001000-0x000000003ffdcfff]
[    0.014818] On node 0, zone DMA: 1 pages in unavailable ranges
[    0.014845] On node 0, zone DMA: 97 pages in unavailable ranges
[    0.016479] On node 0, zone DMA32: 35 pages in unavailable ranges
[    0.016964] ACPI: PM-Timer IO Port: 0x608
[    0.017481] ACPI: LAPIC_NMI (acpi_id[0xff] dfl dfl lint[0x1])
[    0.017809] IOAPIC[0]: apic_id 0, version 17, address 0xfec00000, GSI 0-23
[    0.018186] ACPI: INT_SRC_OVR (bus 0 bus_irq 0 global_irq 2 dfl dfl)
[    0.018532] ACPI: INT_SRC_OVR (bus 0 bus_irq 5 global_irq 5 high level)
[    0.018896] ACPI: INT_SRC_OVR (bus 0 bus_irq 9 global_irq 9 high level)
[    0.019260] ACPI: INT_SRC_OVR (bus 0 bus_irq 10 global_irq 10 high level)
[    0.019630] ACPI: INT_SRC_OVR (bus 0 bus_irq 11 global_irq 11 high level)
[    0.019998] ACPI: Using ACPI (MADT) for SMP configuration information
[    0.020328] ACPI: HPET id: 0x8086a201 base: 0xfed00000
[    0.020592] TSC deadline timer available
[    0.020807] smpboot: Allowing 1 CPUs, 0 hotplug CPUs
[    0.021076] kvm-guest: APIC: eoi() replaced with kvm_guest_apic_eoi_write()
[    0.021443] PM: hibernation: Registered nosave memory: [mem 0x00000000-0x00000fff]
[    0.021838] PM: hibernation: Registered nosave memory: [mem 0x0009f000-0x0009ffff]
[    0.022241] PM: hibernation: Registered nosave memory: [mem 0x000a0000-0x000effff]
[    0.022650] PM: hibernation: Registered nosave memory: [mem 0x000f0000-0x000fffff]
[    0.023065] [mem 0x40000000-0xfeffbfff] available for PCI devices
[    0.023396] Booting paravirtualized kernel on KVM
[    0.023642] clocksource: refined-jiffies: mask: 0xffffffff max_cycles: 0xffffffff, max_idle_ns: 1910969940391419 ns
[    0.027443] setup_percpu: NR_CPUS:64 nr_cpumask_bits:1 nr_cpu_ids:1 nr_node_ids:1
[    0.028057] percpu: Embedded 54 pages/cpu s183080 r8192 d29912 u2097152
[    0.028397] pcpu-alloc: s183080 r8192 d29912 u2097152 alloc=1*2097152
[    0.028398] pcpu-alloc: [0] 0 
[    0.028414] Kernel command line: BOOT_IMAGE=/boot/vmlinuz-6.6.63-lab root=PARTUUID=17c572df-cbb7-4676-95b1-e41d75c91c05 ro console=tty0 console=ttyS0,115200 earlyprintk=ttyS0,115200 consoleblank=0
[    0.029350] Unknown kernel command line parameters "BOOT_IMAGE=/boot/vmlinuz-6.6.63-lab", will be passed to user space.
[    0.029929] random: crng init done
[    0.030172] Dentry cache hash table entries: 131072 (order: 8, 1048576 bytes, linear)
[    0.030619] Inode-cache hash table entries: 65536 (order: 7, 524288 bytes, linear)
[    0.031047] Fallback order for Node 0: 0 
[    0.031048] Built 1 zonelists, mobility grouping on.  Total pages: 257757
[    0.031599] Policy zone: DMA32
[    0.031767] mem auto-init: stack:all(zero), heap alloc:off, heap free:off
[    0.033387] Memory: 983636K/1048044K available (18432K kernel code, 2746K rwdata, 6576K rodata, 2656K init, 1484K bss, 64148K reserved, 0K cma-reserved)
[    0.034084] SLUB: HWalign=64, Order=0-3, MinObjects=0, CPUs=1, Nodes=1
[    0.035181] Dynamic Preempt: voluntary
[    0.035392] rcu: Preemptible hierarchical RCU implementation.
[    0.035693] rcu: 	RCU event tracing is enabled.
[    0.035929] rcu: 	RCU restricting CPUs from NR_CPUS=64 to nr_cpu_ids=1.
[    0.036261] 	Trampoline variant of Tasks RCU enabled.
[    0.036508] rcu: RCU calculated value of scheduler-enlistment delay is 100 jiffies.
[    0.036891] rcu: Adjusting geometry for rcu_fanout_leaf=16, nr_cpu_ids=1
[    0.037902] NR_IRQS: 4352, nr_irqs: 256, preallocated irqs: 16
[    0.038342] rcu: srcu_init: Setting srcu_struct sizes based on contention.
[    0.041687] Console: colour VGA+ 80x25
[    0.041882] printk: console [tty0] enabled
[    0.054582] printk: console [ttyS0] enabled
[    0.055108] printk: bootconsole [earlyser0] disabled
[    0.055735] ACPI: Core revision 20230628
[    0.056086] clocksource: hpet: mask: 0xffffffff max_cycles: 0xffffffff, max_idle_ns: 19112604467 ns
[    0.056769] APIC: Switch to symmetric I/O mode setup
[    0.057688] ..TIMER: vector=0x30 apic1=0 pin1=2 apic2=-1 pin2=-1
[    0.058150] clocksource: tsc-early: mask: 0xffffffffffffffff max_cycles: 0x22df1149949, max_idle_ns: 440795312789 ns
[    0.058883] Calibrating delay loop (skipped) preset value.. 4838.40 BogoMIPS (lpj=2419200)
[    0.059526] x86/cpu: User Mode Instruction Prevention (UMIP) activated
[    0.060035] Last level iTLB entries: 4KB 0, 2MB 0, 4MB 0
[    0.060416] Last level dTLB entries: 4KB 0, 2MB 0, 4MB 0, 1GB 0
[    0.060885] Spectre V1 : Mitigation: usercopy/swapgs barriers and __user pointer sanitization
[    0.061486] Spectre V2 : Spectre BHI mitigation: SW BHB clearing on vm exit
[    0.062006] Spectre V2 : Spectre BHI mitigation: SW BHB clearing on syscall
[    0.062489] Spectre V2 : Mitigation: Enhanced / Automatic IBRS
[    0.062882] Spectre V2 : Spectre v2 / SpectreRSB mitigation: Filling RSB on context switch
[    0.063467] Spectre V2 : Spectre v2 / PBRSB-eIBRS: Retire a single CALL on VMEXIT
[    0.064033] Spectre V2 : mitigation: Enabling conditional Indirect Branch Prediction Barrier
[    0.064636] Speculative Store Bypass: Mitigation: Speculative Store Bypass disabled via prctl
[    0.065042] Register File Data Sampling: Vulnerable: No microcode
[    0.065487] x86/fpu: Supporting XSAVE feature 0x001: 'x87 floating point registers'
[    0.066043] x86/fpu: Supporting XSAVE feature 0x002: 'SSE registers'
[    0.066511] x86/fpu: Supporting XSAVE feature 0x004: 'AVX registers'
[    0.067006] x86/fpu: Supporting XSAVE feature 0x200: 'Protection Keys User registers'
[    0.067882] x86/fpu: xstate_offset[2]:  576, xstate_sizes[2]:  256
[    0.068333] x86/fpu: xstate_offset[9]:  832, xstate_sizes[9]:    8
[    0.068787] x86/fpu: Enabled xstate features 0x207, context size is 840 bytes, using 'compacted' format.
[    0.081891] Freeing SMP alternatives memory: 48K
[    0.082288] pid_max: default: 32768 minimum: 301
[    0.082650] LSM: initializing lsm=capability,selinux,integrity
[    0.083000] SELinux:  Initializing.
[    0.083288] Mount-cache hash table entries: 2048 (order: 2, 16384 bytes, linear)
[    0.083883] Mountpoint-cache hash table entries: 2048 (order: 2, 16384 bytes, linear)
[    0.084551] smpboot: CPU0: Intel(R) Core(TM) i9-14900HX (family: 0x6, model: 0xb7, stepping: 0x1)
[    0.084882] RCU Tasks: Setting shift to 0 and lim to 1 rcu_task_cb_adjust=1 rcu_task_cpu_ids=1.
[    0.085064] Performance Events: unsupported p6 CPU model 183 no PMU driver, software events only.
[    0.085730] signal: max sigframe size: 3632
[    0.085990] rcu: Hierarchical SRCU implementation.
[    0.086351] rcu: 	Max phase no-delay instances is 400.
[    0.086831] smp: Bringing up secondary CPUs ...
[    0.086998] smp: Brought up 1 node, 1 CPU
[    0.087331] smpboot: Max logical packages: 1
[    0.087685] smpboot: Total of 1 processors activated (4838.40 BogoMIPS)
[    0.088094] devtmpfs: initialized
[    0.088945] clocksource: jiffies: mask: 0xffffffff max_cycles: 0xffffffff, max_idle_ns: 1911260446275000 ns
[    0.089682] futex hash table entries: 256 (order: 2, 16384 bytes, linear)
[    0.090057] PM: RTC time: 06:16:27, date: 2025-01-11
[    0.090462] NET: Registered PF_NETLINK/PF_ROUTE protocol family
[    0.090906] audit: initializing netlink subsys (disabled)
[    0.091316] audit: type=2000 audit(1736576188.094:1): state=initialized audit_enabled=0 res=1
[    0.091902] thermal_sys: Registered thermal governor 'step_wise'
[    0.091902] thermal_sys: Registered thermal governor 'user_space'
[    0.092349] cpuidle: using governor menu
[    0.093029] PCI: Using configuration type 1 for base access
[    0.093485] kprobes: kprobe jump-optimization is enabled. All kprobes are optimized if possible.
[    0.094913] HugeTLB: registered 2.00 MiB page size, pre-allocated 0 pages
[    0.095417] HugeTLB: 28 KiB vmemmap can be freed for a 2.00 MiB page
[    0.096917] ACPI: Added _OSI(Module Device)
[    0.097253] ACPI: Added _OSI(Processor Device)
[    0.097612] ACPI: Added _OSI(3.0 _SCP Extensions)
[    0.098916] ACPI: Added _OSI(Processor Aggregator Device)
[    0.099468] ACPI: 1 ACPI AML tables successfully acquired and loaded
[    0.101249] ACPI: _OSC evaluation for CPUs failed, trying _PDC
[    0.101715] ACPI: Interpreter enabled
[    0.101981] ACPI: PM: (supports S0 S3 S4 S5)
[    0.102320] ACPI: Using IOAPIC for interrupt routing
[    0.102702] PCI: Using host bridge windows from ACPI; if necessary, use "pci=nocrs" and report a bug
[    0.103059] PCI: Using E820 reservations for host bridge windows
[    0.106361] ACPI: Enabled 2 GPEs in block 00 to 0F
[    0.107277] ACPI: PCI Root Bridge [PCI0] (domain 0000 [bus 00-ff])
[    0.107740] acpi PNP0A03:00: _OSC: OS supports [ASPM ClockPM Segments MSI HPX-Type3]
[    0.108043] acpi PNP0A03:00: _OSC: not requesting OS control; OS requires [ExtendedConfig ASPM ClockPM MSI]
[    0.110474] acpi PNP0A03:00: fail to add MMCONFIG information, can't access extended configuration space under this bridge
[    0.111107] PCI host bridge to bus 0000:00
[    0.111426] pci_bus 0000:00: root bus resource [io  0x0000-0x0cf7 window]
[    0.113270] pci_bus 0000:00: root bus resource [io  0x0d00-0xffff window]
[    0.113764] pci_bus 0000:00: root bus resource [mem 0x000a0000-0x000bffff window]
[    0.114044] pci_bus 0000:00: root bus resource [mem 0x40000000-0xfebfffff window]
[    0.114604] pci_bus 0000:00: root bus resource [mem 0x100000000-0x17fffffff window]
[    0.117440] pci_bus 0000:00: root bus resource [bus 00-ff]
[    0.117900] pci 0000:00:00.0: [8086:1237] type 00 class 0x060000
[    0.118513] pci 0000:00:01.0: [8086:7000] type 00 class 0x060100
[    0.119958] pci 0000:00:01.1: [8086:7010] type 00 class 0x010180
[    0.121336] pci 0000:00:01.1: reg 0x20: [io  0xc0c0-0xc0cf]
[    0.122109] pci 0000:00:01.1: legacy IDE quirk: reg 0x10: [io  0x01f0-0x01f7]
[    0.122628] pci 0000:00:01.1: legacy IDE quirk: reg 0x14: [io  0x03f6]
[    0.123009] pci 0000:00:01.1: legacy IDE quirk: reg 0x18: [io  0x0170-0x0177]
[    0.123528] pci 0000:00:01.1: legacy IDE quirk: reg 0x1c: [io  0x0376]
[    0.128032] pci 0000:00:01.3: [8086:7113] type 00 class 0x068000
[    0.128683] pci 0000:00:01.3: quirk: [io  0x0600-0x063f] claimed by PIIX4 ACPI
[    0.129044] pci 0000:00:01.3: quirk: [io  0x0700-0x070f] claimed by PIIX4 SMB
[    0.132160] pci 0000:00:02.0: [1234:1111] type 00 class 0x030000
[    0.133058] pci 0000:00:02.0: reg 0x10: [mem 0xfd000000-0xfdffffff pref]
[    0.134240] pci 0000:00:02.0: reg 0x18: [mem 0xfeb90000-0xfeb90fff]
[    0.136397] pci 0000:00:02.0: reg 0x30: [mem 0xfeb80000-0xfeb8ffff pref]
[    0.141201] pci 0000:00:02.0: Video device with shadowed ROM at [mem 0x000c0000-0x000dffff]
[    0.142062] pci 0000:00:03.0: [1af4:1000] type 00 class 0x020000
[    0.142747] pci 0000:00:03.0: reg 0x10: [io  0xc080-0xc09f]
[    0.143883] pci 0000:00:03.0: reg 0x20: [mem 0xfe000000-0xfe003fff 64bit pref]
[    0.144739] pci 0000:00:03.0: reg 0x30: [mem 0xfeb00000-0xfeb7ffff pref]
[    0.149421] pci 0000:00:04.0: [1af4:1005] type 00 class 0x00ff00
[    0.150204] pci 0000:00:04.0: reg 0x10: [io  0xc0a0-0xc0bf]
[    0.150883] pci 0000:00:04.0: reg 0x14: [mem 0xfeb91000-0xfeb91fff]
[    0.152429] pci 0000:00:04.0: reg 0x20: [mem 0xfe004000-0xfe007fff 64bit pref]
[    0.159281] pci 0000:00:05.0: [1af4:1001] type 00 class 0x010000
[    0.160061] pci 0000:00:05.0: reg 0x10: [io  0xc000-0xc07f]
[    0.160883] pci 0000:00:05.0: reg 0x14: [mem 0xfeb92000-0xfeb92fff]
[    0.162194] pci 0000:00:05.0: reg 0x20: [mem 0xfe008000-0xfe00bfff 64bit pref]
[    0.167572] ACPI: PCI: Interrupt link LNKA configured for IRQ 10
[    0.169624] ACPI: PCI: Interrupt link LNKB configured for IRQ 10
[    0.170044] ACPI: PCI: Interrupt link LNKC configured for IRQ 11
[    0.170539] ACPI: PCI: Interrupt link LNKD configured for IRQ 11
[    0.171988] ACPI: PCI: Interrupt link LNKS configured for IRQ 9
[    0.172564] iommu: Default domain type: Translated
[    0.172883] iommu: DMA domain TLB invalidation policy: lazy mode
[    0.175053] SCSI subsystem initialized
[    0.175400] libata version 3.00 loaded.
[    0.175408] ACPI: bus type USB registered
[    0.175728] usbcore: registered new interface driver usbfs
[    0.176002] usbcore: registered new interface driver hub
[    0.176419] usbcore: registered new device driver usb
[    0.176829] pps_core: LinuxPPS API ver. 1 registered
[    0.176999] pps_core: Software ver. 5.3.6 - Copyright 2005-2007 Rodolfo Giometti <giometti@linux.it>
[    0.179914] PTP clock support registered
[    0.180289] Advanced Linux Sound Architecture Driver Initialized.
[    0.180851] NetLabel: Initializing
[    0.180979] NetLabel:  domain hash size = 128
[    0.181342] NetLabel:  protocols = UNLABELED CIPSOv4 CALIPSO
[    0.181788] NetLabel:  unlabeled traffic allowed by default
[    0.184056] PCI: Using ACPI for IRQ routing
[    0.184406] PCI: pci_cache_line_size set to 64 bytes
[    0.184461] e820: reserve RAM buffer [mem 0x0009fc00-0x0009ffff]
[    0.184462] e820: reserve RAM buffer [mem 0x3ffdd000-0x3fffffff]
[    0.184475] pci 0000:00:02.0: vgaarb: setting as boot VGA device
[    0.184882] pci 0000:00:02.0: vgaarb: bridge control possible
[    0.184882] pci 0000:00:02.0: vgaarb: VGA device added: decodes=io+mem,owns=io+mem,locks=none
[    0.184883] vgaarb: loaded
[    0.185148] hpet0: at MMIO 0xfed00000, IRQs 2, 8, 0
[    0.185537] hpet0: 3 comparators, 64-bit 100.000000 MHz counter
[    0.195432] clocksource: Switched to clocksource kvm-clock
[    0.195882] VFS: Disk quotas dquot_6.6.0
[    0.195931] VFS: Dquot-cache hash table entries: 512 (order 0, 4096 bytes)
[    0.196489] pnp: PnP ACPI init
[    0.196792] pnp 00:02: [dma 2]
[    0.196867] pnp: PnP ACPI: found 6 devices
[    0.202129] clocksource: acpi_pm: mask: 0xffffff max_cycles: 0xffffff, max_idle_ns: 2085701024 ns
[    0.202827] NET: Registered PF_INET protocol family
[    0.203269] IP idents hash table entries: 16384 (order: 5, 131072 bytes, linear)
[    0.203977] tcp_listen_portaddr_hash hash table entries: 512 (order: 1, 8192 bytes, linear)
[    0.204645] Table-perturb hash table entries: 65536 (order: 6, 262144 bytes, linear)
[    0.205281] TCP established hash table entries: 8192 (order: 4, 65536 bytes, linear)
[    0.205919] TCP bind hash table entries: 8192 (order: 6, 262144 bytes, linear)
[    0.206559] TCP: Hash tables configured (established 8192 bind 8192)
[    0.207112] UDP hash table entries: 512 (order: 2, 16384 bytes, linear)
[    0.207628] UDP-Lite hash table entries: 512 (order: 2, 16384 bytes, linear)
[    0.208194] NET: Registered PF_UNIX/PF_LOCAL protocol family
[    0.208687] RPC: Registered named UNIX socket transport module.
[    0.209149] RPC: Registered udp transport module.
[    0.209531] RPC: Registered tcp transport module.
[    0.209910] RPC: Registered tcp-with-tls transport module.
[    0.210344] RPC: Registered tcp NFSv4.1 backchannel transport module.
[    0.210982] pci_bus 0000:00: resource 4 [io  0x0000-0x0cf7 window]
[    0.211467] pci_bus 0000:00: resource 5 [io  0x0d00-0xffff window]
[    0.211948] pci_bus 0000:00: resource 6 [mem 0x000a0000-0x000bffff window]
[    0.212483] pci_bus 0000:00: resource 7 [mem 0x40000000-0xfebfffff window]
[    0.213009] pci_bus 0000:00: resource 8 [mem 0x100000000-0x17fffffff window]
[    0.213563] pci 0000:00:01.0: PIIX3: Enabling Passive Release
[    0.214018] pci 0000:00:00.0: Limiting direct PCI/PCI transfers
[    0.214517] PCI: CLS 0 bytes, default 64
[    0.214875] Unpacking initramfs...
[    0.218249] RAPL PMU: API unit is 2^-32 Joules, 0 fixed counters, 10737418240 ms ovfl timer
[    0.218916] clocksource: tsc: mask: 0xffffffffffffffff max_cycles: 0x22df1149949, max_idle_ns: 440795312789 ns
[    0.221303] Initialise system trusted keyrings
[    0.221693] workingset: timestamp_bits=56 max_order=18 bucket_order=0
[    0.223354] NFS: Registering the id_resolver key type
[    0.223767] Key type id_resolver registered
[    0.224110] Key type id_legacy registered
[    0.225241] 9p: Installing v9fs 9p2000 file system support
[    0.231184] Key type asymmetric registered
[    0.231538] Asymmetric key parser 'x509' registered
[    0.231941] Block layer SCSI generic (bsg) driver version 0.4 loaded (major 251)
[    0.234265] io scheduler mq-deadline registered
[    0.234644] io scheduler kyber registered
[    0.235012] input: Power Button as /devices/LNXSYSTM:00/LNXPWRBN:00/input/input0
[    0.237210] ACPI: button: Power Button [PWRF]
[    0.246784] ACPI: \_SB_.LNKC: Enabled at IRQ 11
[    0.250573] Freeing initrd memory: 6336K
[    0.254961] ACPI: \_SB_.LNKD: Enabled at IRQ 10
[    0.260611] ACPI: \_SB_.LNKA: Enabled at IRQ 10
[    0.261351] Serial: 8250/16550 driver, 4 ports, IRQ sharing enabled
[    0.261936] 00:04: ttyS0 at I/O 0x3f8 (irq = 4, base_baud = 115200) is a 16550A
[    0.262674] Non-volatile memory driver v1.3
[    0.263394] Linux agpgart interface v0.103
[    0.263766] ACPI: bus type drm_connector registered
[    0.264545] loop: module loaded
[    0.264889] virtio_blk virtio2: 1/0/0 default/read/poll queues
[    0.265627] virtio_blk virtio2: [vda] 41943040 512-byte logical blocks (21.5 GB/20.0 GiB)
[    0.266788]  vda: vda1 vda14 vda15
[    0.267157] ata_piix 0000:00:01.1: version 2.13
[    0.267423] scsi host0: ata_piix
[    0.267734] scsi host1: ata_piix
[    0.271142] ata1: PATA max MWDMA2 cmd 0x1f0 ctl 0x3f6 bmdma 0xc0c0 irq 14
[    0.271662] ata2: PATA max MWDMA2 cmd 0x170 ctl 0x376 bmdma 0xc0c8 irq 15
[    0.272846] e100: Intel(R) PRO/100 Network Driver
[    0.273272] e100: Copyright(c) 1999-2006 Intel Corporation
[    0.273704] e1000: Intel(R) PRO/1000 Network Driver
[    0.274095] e1000: Copyright (c) 1999-2006 Intel Corporation.
[    0.274550] e1000e: Intel(R) PRO/1000 Network Driver
[    0.274947] e1000e: Copyright(c) 1999 - 2015 Intel Corporation.
[    0.275411] sky2: driver version 1.30
[    0.275755] usbcore: registered new interface driver usblp
[    0.276190] usbcore: registered new interface driver usb-storage
[    0.276674] i8042: PNP: PS/2 Controller [PNP0303:KBD,PNP0f13:MOU] at 0x60,0x64 irq 1,12
[    0.277689] serio: i8042 KBD port at 0x60,0x64 irq 1
[    0.278099] serio: i8042 AUX port at 0x60,0x64 irq 12
[    0.278622] input: AT Translated Set 2 keyboard as /devices/platform/i8042/serio0/input/input1
[    0.279974] rtc_cmos 00:05: RTC can wake from S4
[    0.280537] rtc_cmos 00:05: registered as rtc0
[    0.280923] rtc_cmos 00:05: alarms up to one day, y3k, 242 bytes nvram, hpet irqs
[    0.281541] device-mapper: ioctl: 4.48.0-ioctl (2023-03-01) initialised: dm-devel@redhat.com
[    0.282201] intel_pstate: CPU model not supported
[    0.282584] hid: raw HID events driver (C) Jiri Kosina
[    0.283027] usbcore: registered new interface driver usbhid
[    0.283471] usbhid: USB HID core driver
[    0.283867] Initializing XFRM netlink socket
[    0.284210] NET: Registered PF_INET6 protocol family
[    0.284660] Segment Routing with IPv6
[    0.284954] In-situ OAM (IOAM) with IPv6
[    0.285281] sit: IPv6, IPv4 and MPLS over IPv4 tunneling driver
[    0.285761] NET: Registered PF_PACKET protocol family
[    0.286155] 9pnet: Installing 9P2000 support
[    0.286513] Key type dns_resolver registered
[    0.286868] NET: Registered PF_VSOCK protocol family
[    0.287310] IPI shorthand broadcast: enabled
[    0.288399] sched_clock: Marking stable (270001067, 18176303)->(299657715, -11480345)
[    0.289042] registered taskstats version 1
[    0.289382] Loading compiled-in X.509 certificates
[    0.290092] PM:   Magic number: 9:149:266
[    0.290500] printk: console [netcon0] enabled
[    0.290852] netconsole: network logging started
[    0.291257] cfg80211: Loading compiled-in X.509 certificates for regulatory database
[    0.292586] modprobe (46) used greatest stack depth: 13600 bytes left
[    0.293760] Loaded X.509 cert 'sforshee: 00b28ddf47aef9cea7'
[    0.294296] Loaded X.509 cert 'wens: 61c038651aabdcf94bd0ac7ff06c7248db18c600'
[    0.294878] platform regulatory.0: Direct firmware load for regulatory.db failed with error -2
[    0.295557] cfg80211: failed to load regulatory.db
[    0.295953] ALSA device list:
[    0.296284]   No soundcards found.
[    0.425406] ata2: found unknown device (class 0)
[    0.426006] ata2.00: ATAPI: QEMU DVD-ROM, 2.5+, max UDMA/100
[    0.426913] scsi 1:0:0:0: CD-ROM            QEMU     QEMU DVD-ROM     2.5+ PQ: 0 ANSI: 5
[    0.433482] sr 1:0:0:0: [sr0] scsi3-mmc drive: 4x/4x cd/rw xa/form2 tray
[    0.433884] cdrom: Uniform CD-ROM driver Revision: 3.20
[    0.437428] sr 1:0:0:0: Attached scsi CD-ROM sr0
[    0.437571] sr 1:0:0:0: Attached scsi generic sg0 type 5
[    0.438139] Freeing unused kernel image (initmem) memory: 2656K
[    0.438515] Write protecting the kernel read-only data: 26624k
[    0.439099] Freeing unused kernel image (rodata/data gap) memory: 1616K
[    0.443105] x86/mm: Checked W+X mappings: passed, no W+X pages found.
[    0.443526] Run /init as init process
[    0.443770]   with arguments:
[    0.443770]     /init
[    0.443771]   with environment:
[    0.443771]     HOME=/
[    0.443771]     TERM=linux
[    0.443772]     BOOT_IMAGE=/boot/vmlinuz-6.6.63-lab
[    0.446820] systemd-udevd (72) used greatest stack depth: 13408 bytes left
[    0.473196] virtio_net virtio0 enp0s3: renamed from eth0
[    0.897642] input: ImExPS/2 Generic Explorer Mouse as /devices/platform/i8042/serio1/input/input3
[    0.946618] EXT4-fs (vda1): mounted filesystem 64c52fc3-1dac-414d-a1cc-e1ad20763fbb ro with ordered data mode. Quota mode: none.
[    0.957644] (udev-worker) (77) used greatest stack depth: 12744 bytes left
[    0.983057] systemd[1]: systemd 252.31-1~deb12u1 running in system mode (+PAM +AUDIT +SELINUX +APPARMOR +IMA +SMACK +SECCOMP +GCRYPT -GNUTLS +OPENSSL +ACL +BLKID +CURL +ELFUTILS +FIDO2 +IDN2 -IDN +IPTC +KMOD +LIBCRYPTSETUP +LIBFDISK +PCRE2 -PWQUALITY +P11KIT +QRENCODE +TPM2 +BZIP2 +LZ4 +XZ +ZLIB +ZSTD -BPF_FRAMEWORK -XKBCOMMON +UTMP +SYSVINIT default-hierarchy=unified)
[    0.985142] systemd[1]: Detected virtualization kvm.
[    0.985482] systemd[1]: Detected architecture x86-64.
[    0.986891] systemd[1]: No hostname configured, using default hostname.
[    0.987365] systemd[1]: Hostname set to <localhost>.
[    1.104335] systemd[1]: Condition check resulted in system.slice - System Slice being skipped.
[    1.104893] systemd[1]: Condition check resulted in -.slice - Root Slice being skipped.
[    1.105650] systemd[1]: Queued start job for default target graphical.target.
[    1.109318] systemd[1]: Created slice system-getty.slice - Slice /system/getty.
[    1.110263] systemd[1]: Created slice system-modprobe.slice - Slice /system/modprobe.
[    1.111205] systemd[1]: Created slice system-serial\x2dgetty.slice - Slice /system/serial-getty.
[    1.112172] systemd[1]: Created slice system-systemd\x2dgrowfs.slice - Slice /system/systemd-growfs.
[    1.113149] systemd[1]: Created slice user.slice - User and Session Slice.
[    1.113955] systemd[1]: Started systemd-ask-password-console.path - Dispatch Password Requests to Console Directory Watch.
[    1.114999] systemd[1]: Started systemd-ask-password-wall.path - Forward Password Requests to Wall Directory Watch.
[    1.116058] systemd[1]: Set up automount proc-sys-fs-binfmt_misc.automount - Arbitrary Executable File Formats File System Automount Point.
[    1.117190] systemd[1]: Expecting device dev-disk-by\x2dpartuuid-dea8056e\x2dce56\x2d46aa\x2db644\x2d8e169397af3a.device - /dev/disk/by-partuuid/dea8056e-ce56-46aa-b644-8e169397af3a...
[    1.118490] systemd[1]: Expecting device dev-ttyS0.device - /dev/ttyS0...
[    1.119219] systemd[1]: Reached target cryptsetup.target - Local Encrypted Volumes.
[    1.120083] systemd[1]: Reached target integritysetup.target - Local Integrity Protected Volumes.
[    1.121009] systemd[1]: Reached target paths.target - Path Units.
[    1.121696] systemd[1]: Reached target remote-fs.target - Remote File Systems.
[    1.122509] systemd[1]: Reached target slices.target - Slice Units.
[    1.123232] systemd[1]: Reached target swap.target - Swaps.
[    1.123881] systemd[1]: Reached target veritysetup.target - Local Verity Protected Volumes.
[    1.124813] systemd[1]: Listening on systemd-fsckd.socket - fsck to fsckd communication Socket.
[    1.125741] systemd[1]: Listening on systemd-initctl.socket - initctl Compatibility Named Pipe.
[    1.126733] systemd[1]: Listening on systemd-journald-audit.socket - Journal Audit Socket.
[    1.127666] systemd[1]: Listening on systemd-journald-dev-log.socket - Journal Socket (/dev/log).
[    1.128622] systemd[1]: Listening on systemd-journald.socket - Journal Socket.
[    1.129485] systemd[1]: Listening on systemd-networkd.socket - Network Service Netlink Socket.
[    1.130431] systemd[1]: Listening on systemd-udevd-control.socket - udev Control Socket.
[    1.131346] systemd[1]: Listening on systemd-udevd-kernel.socket - udev Kernel Socket.
[    1.135224] systemd[1]: Mounting dev-hugepages.mount - Huge Pages File System...
[    1.136510] systemd[1]: Mounting dev-mqueue.mount - POSIX Message Queue File System...
[    1.138490] systemd[1]: Mounting sys-kernel-debug.mount - Kernel Debug File System...
[    1.140125] systemd[1]: Mounting sys-kernel-tracing.mount - Kernel Trace File System...
[    1.141474] systemd[1]: kmod-static-nodes.service - Create List of Static Device Nodes was skipped because of an unmet condition check (ConditionFileNotEmpty=/lib/modules/6.6.63-lab/modules.devname).
[    1.142769] systemd[1]: Starting modprobe@configfs.service - Load Kernel Module configfs...
[    1.144896] systemd[1]: Starting modprobe@dm_mod.service - Load Kernel Module dm_mod...
[    1.146715] systemd[1]: Starting modprobe@drm.service - Load Kernel Module drm...
[    1.148492] systemd[1]: Starting modprobe@efi_pstore.service - Load Kernel Module efi_pstore...
[    1.150332] systemd[1]: Starting modprobe@fuse.service - Load Kernel Module fuse...
[    1.152106] systemd[1]: Starting modprobe@loop.service - Load Kernel Module loop...
[    1.153603] systemd[1]: netplan-ovs-cleanup.service - OpenVSwitch configuration for cleanup was skipped because of an unmet condition check (ConditionFileIsExecutable=/usr/bin/ovs-vsctl).
[    1.154589] systemd[1]: systemd-fsck-root.service - File System Check on Root Device was skipped because of an unmet condition check (ConditionPathExists=!/run/initramfs/fsck-root).
[    1.155569] systemd[1]: systemd-journald.service: unit configures an IP firewall, but the local system does not support BPF/cgroup firewalling.
[    1.156315] systemd[1]: (This warning is only shown for the first unit using IP firewalling.)
[    1.159249] systemd[1]: Starting systemd-journald.service - Journal Service...
[    1.162213] systemd[1]: Starting systemd-modules-load.service - Load Kernel Modules...
[    1.168233] systemd[1]: Starting systemd-network-generator.service - Generate network units from Kernel command line...
[    1.172228] systemd[1]: Starting systemd-remount-fs.service - Remount Root and Kernel File Systems...
[    1.173616] systemd[1]: Starting systemd-udev-trigger.service - Coldplug All udev Devices...
[    1.179456] systemd[1]: Started systemd-journald.service - Journal Service.
[    1.184240] EXT4-fs (vda1): re-mounted 64c52fc3-1dac-414d-a1cc-e1ad20763fbb r/w. Quota mode: none.
[    1.207609] systemd-journald[169]: Received client request to flush runtime journal.
[    1.219744] EXT4-fs (vda1): resizing filesystem from 5210107 to 5210107 blocks
[    7.621366] systemd[234]: memfd_create() called without MFD_EXEC or MFD_NOEXEC_SEAL set
[ 1931.826355]  EPT PGD index: 0
[ 1931.826360]  EPT PUD index: 0
[ 1931.826583]  EPT PMD index: 22
[ 1931.826768]  EPT PTE index: 393
[ 1931.826972]           0       0       22       393
[ 1931.827178]  GPA [PGD IDX] [PUD IDX] [PMD IDX] [PTE IDX] [  Offset  ]
[ 1931.827475]  GPA 000000000 000000000 000010110 110001001 101001111000
[ 1931.828253] This is EPT

[ 1931.828498]  NEXT_LVL_HPA(EPTP) =  0000000000000000000000000001101101111110  +   8 * 0  

[ 1931.829109]  0  : PGD 000000000000 0000000000000000000000000010111111001000 100100000111
[ 1931.829593]  NEXT_LVL_HPA(PGD)  =  0000000000000000000000000010111111001000  +   8 * 0  

[ 1931.830182]  0  : PUD 000000000000 0000000000000000000000000001101101111111 100100000111
[ 1931.830650]  NEXT_LVL_HPA(PUD)  =  0000000000000000000000000001101101111111  +   8 * 22 

[ 1931.831305]  22 : PMD 000000000000 0000000000000000000000000001111100000011 100100000111
[ 1931.831828]  NEXT_LVL_HPA(PMD)  =  0000000000000000000000000001111100000011  +   8 * 393

[ 1931.832507]  393: PTE 000001100000 0000000000000000000000101001111101111000 101101110111
[ 1931.833028] Normal Page (4k) at level 1 detected!
[ 1931.833028] [e.g]   [Rsvd./Ign.] [  Host Physical Frame Number, 40 Bits ] [   Flags  ]
[ 1931.833349]  PTE    000001100000 0000000000000000000000101001111101111000 101101110111 (PTE Entry that maps Page)
[ 1931.833855]  Mask1  000000000000 1111111111111111111111111111111111111111 000000000000 (get HPA of Page)
[ 1931.834480]  HFN    000000000000 0000000000000000000000101001111101111000 000000000000 (HFN of Page)
[ 1931.835060] ---------------------------------------------------------------------------------------------
[ 1931.835625]  GPA    000000000000 0000000000000000000000000010110110001001 101001111000 (GPA from Guest)
[ 1931.836238]  Mask2  000000000000 0000000000000000000000000000000000000000 111111111111 (get offset in Page)
[ 1931.836844]  Offset 000000000000 0000000000000000000000000000000000000000 101001111000 (offset in Page)
[ 1931.837463] ---------------------------------------------------------------------------------------------
[ 1931.838042] HPA   000000000000 0000000000000000000000101001111101111000 101001111000
[ 1931.838639] Value at HPA: 1772334
